// Jest Snapshot v1, https://goo.gl/fbAQLP

exports[`<UsePrevious /> should render the component with no issues 1`] = `
<div>
  <div>
    <p
      data-testid="current"
    >
      Current: 
      0
    </p>
    <p
      data-testid="previous"
    >
      Previous: 
      0
    </p>
    <button>
      Increment
    </button>
  </div>
</div>
`;
