// Jest Snapshot v1, https://goo.gl/fbAQLP

exports[`<UseWindowSize /> should render the component with no issues 1`] = `
<div>
  <div>
    <p>
      Try to resize your Window
    </p>
    <p
      data-testid="width"
    >
      Your current Window width is 
      1024
    </p>
    <p
      data-testid="height"
    >
      Your current Window height is 
      768
    </p>
  </div>
</div>
`;
